// Jest Snapshot v1, https://goo.gl/fbAQLP

exports[`shoul render exp list item 1`] = `
<div>
  <Link
    replace={false}
    to="/edit/2"
  >
    <h3>
      Rent
    </h3>
  </Link>
  <p>
    $1,095.00
     - 
    December 28O , 1969
  </p>
</div>
`;
